// Jest Snapshot v1, https://goo.gl/fbAQLP

exports[`should match the snapshot 1`] = `
<div
  className="App"
>
  <GlobalStyleComponent />
  <BrowserRouter>
    <Header />
    <Route
      component={[Function]}
      exact={true}
      path="/"
    />
    <Route
      component={[Function]}
      path="/documentation/:organizationName/:serviceName"
    />
  </BrowserRouter>
  <VersionLogger
    logger={[Function]}
  />
</div>
`;
