// Jest Snapshot v1, https://goo.gl/fbAQLP

exports[`should match snapshot 1`] = `
<StyledComponent
  forwardedComponent={
    Object {
      "$$typeof": Symbol(react.forward_ref),
      "attrs": Array [],
      "componentStyle": ComponentStyle {
        "componentId": "sc-bdVaJa",
        "isStatic": true,
        "rules": Array [
          "
    border-collapse: collapse;
    border-spacing: 0;
    display: table;
    width: 100%;
",
        ],
      },
      "displayName": "styled.table",
      "foldedComponentIds": Array [],
      "propTypes": Object {
        "children": [Function],
      },
      "render": [Function],
      "styledComponentId": "sc-bdVaJa",
      "target": "table",
      "toString": [Function],
      "warnTooManyClasses": [Function],
      "withComponent": [Function],
    }
  }
  forwardedRef={null}
/>
`;
