// Jest Snapshot v1, https://goo.gl/fbAQLP

exports[`should match the snapshot 1`] = `
<Fragment>
  <WithStyles(Typography)
    color="primary"
    gutterBottom={true}
    noWrap={true}
    variant="h4"
  >
    Home
  </WithStyles(Typography)>
  <WithStyles(Typography)
    color="default"
    gutterBottom={true}
    variant="h6"
  >
    Welcome to the NLX Insight App
  </WithStyles(Typography)>
  <WithStyles(Typography)
    color="default"
    gutterBottom={true}
    variant="body1"
  >
    View logs by selecting an organization using the menu items on the left.
  </WithStyles(Typography)>
  <WithStyles(Typography)
    color="default"
    gutterBottom={true}
    variant="body2"
  >
    You can only view organization logs if you have disclosed required IRMA attributes. 
    <br />
    If you haven't, you will be asked to do so.
  </WithStyles(Typography)>
</Fragment>
`;
